VfL
Bochum
1848
1848
Bochum
VfL
*empty*
VfL Bochum 1848
