Es haben viel fröhliche Menschen
Lang vor uns gelebt und gelacht
Den Ruhenden unter dem Rasen
Sei fröhlich der Becher gebracht.
Es werden viel fröhliche Menschen
Lang nach uns des Lebens sich freun
Uns Ruhenden unter dem Rasen
Den Becher der Fröhlichkeit weihn.

Es haben viel fröhliche Menschen
Lang vor uns gelebt und gelacht
Den Ruhenden unter dem Rasen
Sei fröhlich der Becher gebracht.
Es werden viel fröhliche Menschen
Lang nach uns des Lebens sich freun
Uns Ruhenden unter dem Rasen
Den Becher der Fröhlichkeit weihn.

Den Becher der Fröhlichkeit weihn.
Uns Ruhenden unter dem Rasen
Lang nach uns des Lebens sich freun
Es werden viel fröhliche Menschen
der Becher gebracht.
Sei fröhlich Den Ruhenden unter dem Rasen
und gelacht
Lang vor uns gelebt Es haben viel fröhliche Menschen

---
Es haben viel fröhliche Menschen
, Lang vor uns gelebt , und gelacht
, Den Ruhenden unter dem Rasen
, Sei fröhlich , der Becher gebracht.
, Es werden viel fröhliche Menschen
, Lang nach uns des Lebens sich freun
, Uns Ruhenden unter dem Rasen
, Den Becher der Fröhlichkeit weihn.

