0: 1849,B
1: 1850,C
2: 1851,D
3: 1852,E
4: 1853,F
5: 1854,G
6: 1855,H
7: 1856,I
