#0: 0,2
#1: 3,2
#2: 7,3
{ 0, 1 } contains
{ 1, 1 } contains
{ 3, 1 } contains
{ 4, 1 } contains
{ 7, 1 } contains
{ 8, 1 } contains
{ 9, 1 } contains
{ 0, 2 } contains
{ 3, 2 } contains
{ 7, 2 } contains
{ 8, 2 } contains
{ 7, 3 } contains
