#0: 0,2
#1: 3,2
#2: 7,3
{ 0, 1 } intersects
{ 1, 1 } intersects
{ 3, 1 } intersects
{ 4, 1 } intersects
{ 7, 1 } intersects
{ 8, 1 } intersects
{ 9, 1 } intersects
{ 0, 2 } intersects
{ 1, 2 } intersects
{ 2, 2 } intersects
{ 3, 2 } intersects
{ 4, 2 } intersects
{ 6, 2 } intersects
{ 7, 2 } intersects
{ 8, 2 } intersects
{ 9, 2 } intersects
{ 0, 3 } intersects
{ 1, 3 } intersects
{ 2, 3 } intersects
{ 3, 3 } intersects
{ 4, 3 } intersects
{ 5, 3 } intersects
{ 6, 3 } intersects
{ 7, 3 } intersects
{ 8, 3 } intersects
{ 9, 3 } intersects
{ 0, 4 } intersects
{ 1, 4 } intersects
{ 2, 4 } intersects
{ 3, 4 } intersects
{ 4, 4 } intersects
{ 5, 4 } intersects
{ 6, 4 } intersects
{ 7, 4 } intersects
{ 8, 4 } intersects
{ 9, 4 } intersects
{ 0, 5 } intersects
{ 1, 5 } intersects
{ 2, 5 } intersects
{ 3, 5 } intersects
{ 4, 5 } intersects
{ 5, 5 } intersects
{ 6, 5 } intersects
{ 7, 5 } intersects
{ 8, 5 } intersects
{ 9, 5 } intersects
{ 0, 6 } intersects
{ 1, 6 } intersects
{ 2, 6 } intersects
{ 3, 6 } intersects
{ 4, 6 } intersects
{ 5, 6 } intersects
{ 6, 6 } intersects
{ 7, 6 } intersects
{ 8, 6 } intersects
{ 9, 6 } intersects
{ 0, 7 } intersects
{ 1, 7 } intersects
{ 2, 7 } intersects
{ 3, 7 } intersects
{ 4, 7 } intersects
{ 5, 7 } intersects
{ 6, 7 } intersects
{ 7, 7 } intersects
{ 8, 7 } intersects
{ 9, 7 } intersects
{ 0, 8 } intersects
{ 1, 8 } intersects
{ 2, 8 } intersects
{ 3, 8 } intersects
{ 4, 8 } intersects
{ 5, 8 } intersects
{ 6, 8 } intersects
{ 7, 8 } intersects
{ 8, 8 } intersects
{ 9, 8 } intersects
{ 0, 9 } intersects
{ 1, 9 } intersects
{ 2, 9 } intersects
{ 3, 9 } intersects
{ 4, 9 } intersects
{ 5, 9 } intersects
{ 6, 9 } intersects
{ 7, 9 } intersects
{ 8, 9 } intersects
{ 9, 9 } intersects
