[0 - 0] contains [0 - 0] : NO
[1 - 0] contains [0 - 0] : NO
[2 - 0] contains [0 - 0] : NO
[mulle_range_max - 0] contains [0 - 0] : NO
[0 - 1] contains [0 - 0] : YES
[1 - 1] contains [0 - 0] : NO
[2 - 1] contains [0 - 0] : NO
[mulle_range_max - 1] contains [0 - 0] : NO
[0 - 2] contains [0 - 0] : YES
[1 - 2] contains [0 - 0] : NO
[2 - 2] contains [0 - 0] : NO
[0 - mulle_range_max] contains [0 - 0] : YES
[1 - mulle_range_max] contains [0 - 0] : NO
[0 - mulle_not_found_e] contains [0 - 0] : YES

[0 - 0] contains [1 - 0] : NO
[1 - 0] contains [1 - 0] : NO
[2 - 0] contains [1 - 0] : NO
[mulle_range_max - 0] contains [1 - 0] : NO
[0 - 1] contains [1 - 0] : NO
[1 - 1] contains [1 - 0] : YES
[2 - 1] contains [1 - 0] : NO
[mulle_range_max - 1] contains [1 - 0] : NO
[0 - 2] contains [1 - 0] : YES
[1 - 2] contains [1 - 0] : YES
[2 - 2] contains [1 - 0] : NO
[0 - mulle_range_max] contains [1 - 0] : YES
[1 - mulle_range_max] contains [1 - 0] : YES
[0 - mulle_not_found_e] contains [1 - 0] : YES

[0 - 0] contains [2 - 0] : NO
[1 - 0] contains [2 - 0] : NO
[2 - 0] contains [2 - 0] : NO
[mulle_range_max - 0] contains [2 - 0] : NO
[0 - 1] contains [2 - 0] : NO
[1 - 1] contains [2 - 0] : NO
[2 - 1] contains [2 - 0] : YES
[mulle_range_max - 1] contains [2 - 0] : NO
[0 - 2] contains [2 - 0] : NO
[1 - 2] contains [2 - 0] : YES
[2 - 2] contains [2 - 0] : YES
[0 - mulle_range_max] contains [2 - 0] : YES
[1 - mulle_range_max] contains [2 - 0] : YES
[0 - mulle_not_found_e] contains [2 - 0] : YES

[0 - 0] contains [mulle_range_max - 0] : NO
[1 - 0] contains [mulle_range_max - 0] : NO
[2 - 0] contains [mulle_range_max - 0] : NO
[mulle_range_max - 0] contains [mulle_range_max - 0] : NO
[0 - 1] contains [mulle_range_max - 0] : NO
[1 - 1] contains [mulle_range_max - 0] : NO
[2 - 1] contains [mulle_range_max - 0] : NO
[mulle_range_max - 1] contains [mulle_range_max - 0] : YES
[0 - 2] contains [mulle_range_max - 0] : NO
[1 - 2] contains [mulle_range_max - 0] : NO
[2 - 2] contains [mulle_range_max - 0] : NO
[0 - mulle_range_max] contains [mulle_range_max - 0] : NO
[1 - mulle_range_max] contains [mulle_range_max - 0] : YES
[0 - mulle_not_found_e] contains [mulle_range_max - 0] : YES




[0 - 0] contains [0 - 1] : NO
[1 - 0] contains [0 - 1] : NO
[2 - 0] contains [0 - 1] : NO
[mulle_range_max - 0] contains [0 - 1] : NO
[0 - 1] contains [0 - 1] : YES
[1 - 1] contains [0 - 1] : NO
[2 - 1] contains [0 - 1] : NO
[mulle_range_max - 1] contains [0 - 1] : NO
[0 - 2] contains [0 - 1] : YES
[1 - 2] contains [0 - 1] : NO
[2 - 2] contains [0 - 1] : NO
[0 - mulle_range_max] contains [0 - 1] : YES
[1 - mulle_range_max] contains [0 - 1] : NO
[0 - mulle_not_found_e] contains [0 - 1] : YES

[0 - 0] contains [1 - 1] : NO
[1 - 0] contains [1 - 1] : NO
[2 - 0] contains [1 - 1] : NO
[mulle_range_max - 0] contains [1 - 1] : NO
[0 - 1] contains [1 - 1] : NO
[1 - 1] contains [1 - 1] : YES
[2 - 1] contains [1 - 1] : NO
[mulle_range_max - 1] contains [1 - 1] : NO
[0 - 2] contains [1 - 1] : YES
[1 - 2] contains [1 - 1] : YES
[2 - 2] contains [1 - 1] : NO
[0 - mulle_range_max] contains [1 - 1] : YES
[1 - mulle_range_max] contains [1 - 1] : YES
[0 - mulle_not_found_e] contains [1 - 1] : YES

[0 - 0] contains [2 - 1] : NO
[1 - 0] contains [2 - 1] : NO
[2 - 0] contains [2 - 1] : NO
[mulle_range_max - 0] contains [2 - 1] : NO
[0 - 1] contains [2 - 1] : NO
[1 - 1] contains [2 - 1] : NO
[2 - 1] contains [2 - 1] : YES
[mulle_range_max - 1] contains [2 - 1] : NO
[0 - 2] contains [2 - 1] : NO
[1 - 2] contains [2 - 1] : YES
[2 - 2] contains [2 - 1] : YES
[0 - mulle_range_max] contains [2 - 1] : YES
[1 - mulle_range_max] contains [2 - 1] : YES
[0 - mulle_not_found_e] contains [2 - 1] : YES

[0 - 0] contains [mulle_range_max - 1] : NO
[1 - 0] contains [mulle_range_max - 1] : NO
[2 - 0] contains [mulle_range_max - 1] : NO
[mulle_range_max - 0] contains [mulle_range_max - 1] : NO
[0 - 1] contains [mulle_range_max - 1] : NO
[1 - 1] contains [mulle_range_max - 1] : NO
[2 - 1] contains [mulle_range_max - 1] : NO
[mulle_range_max - 1] contains [mulle_range_max - 1] : YES
[0 - 2] contains [mulle_range_max - 1] : NO
[1 - 2] contains [mulle_range_max - 1] : NO
[2 - 2] contains [mulle_range_max - 1] : NO
[0 - mulle_range_max] contains [mulle_range_max - 1] : NO
[1 - mulle_range_max] contains [mulle_range_max - 1] : YES
[0 - mulle_not_found_e] contains [mulle_range_max - 1] : YES




[0 - 0] contains [0 - 2] : NO
[1 - 0] contains [0 - 2] : NO
[2 - 0] contains [0 - 2] : NO
[mulle_range_max - 0] contains [0 - 2] : NO
[0 - 1] contains [0 - 2] : NO
[1 - 1] contains [0 - 2] : NO
[2 - 1] contains [0 - 2] : NO
[mulle_range_max - 1] contains [0 - 2] : NO
[0 - 2] contains [0 - 2] : YES
[1 - 2] contains [0 - 2] : NO
[2 - 2] contains [0 - 2] : NO
[0 - mulle_range_max] contains [0 - 2] : YES
[1 - mulle_range_max] contains [0 - 2] : NO
[0 - mulle_not_found_e] contains [0 - 2] : YES

[0 - 0] contains [1 - 2] : NO
[1 - 0] contains [1 - 2] : NO
[2 - 0] contains [1 - 2] : NO
[mulle_range_max - 0] contains [1 - 2] : NO
[0 - 1] contains [1 - 2] : NO
[1 - 1] contains [1 - 2] : NO
[2 - 1] contains [1 - 2] : NO
[mulle_range_max - 1] contains [1 - 2] : NO
[0 - 2] contains [1 - 2] : NO
[1 - 2] contains [1 - 2] : YES
[2 - 2] contains [1 - 2] : NO
[0 - mulle_range_max] contains [1 - 2] : YES
[1 - mulle_range_max] contains [1 - 2] : YES
[0 - mulle_not_found_e] contains [1 - 2] : YES

[0 - 0] contains [2 - 2] : NO
[1 - 0] contains [2 - 2] : NO
[2 - 0] contains [2 - 2] : NO
[mulle_range_max - 0] contains [2 - 2] : NO
[0 - 1] contains [2 - 2] : NO
[1 - 1] contains [2 - 2] : NO
[2 - 1] contains [2 - 2] : NO
[mulle_range_max - 1] contains [2 - 2] : NO
[0 - 2] contains [2 - 2] : NO
[1 - 2] contains [2 - 2] : NO
[2 - 2] contains [2 - 2] : YES
[0 - mulle_range_max] contains [2 - 2] : YES
[1 - mulle_range_max] contains [2 - 2] : YES
[0 - mulle_not_found_e] contains [2 - 2] : YES





[0 - 0] contains [0 - mulle_range_max] : NO
[1 - 0] contains [0 - mulle_range_max] : NO
[2 - 0] contains [0 - mulle_range_max] : NO
[mulle_range_max - 0] contains [0 - mulle_range_max] : NO
[0 - 1] contains [0 - mulle_range_max] : NO
[1 - 1] contains [0 - mulle_range_max] : NO
[2 - 1] contains [0 - mulle_range_max] : NO
[mulle_range_max - 1] contains [0 - mulle_range_max] : NO
[0 - 2] contains [0 - mulle_range_max] : NO
[1 - 2] contains [0 - mulle_range_max] : NO
[2 - 2] contains [0 - mulle_range_max] : NO
[0 - mulle_range_max] contains [0 - mulle_range_max] : YES
[1 - mulle_range_max] contains [0 - mulle_range_max] : NO
[0 - mulle_not_found_e] contains [0 - mulle_range_max] : YES

[0 - 0] contains [1 - mulle_range_max] : NO
[1 - 0] contains [1 - mulle_range_max] : NO
[2 - 0] contains [1 - mulle_range_max] : NO
[mulle_range_max - 0] contains [1 - mulle_range_max] : NO
[0 - 1] contains [1 - mulle_range_max] : NO
[1 - 1] contains [1 - mulle_range_max] : NO
[2 - 1] contains [1 - mulle_range_max] : NO
[mulle_range_max - 1] contains [1 - mulle_range_max] : NO
[0 - 2] contains [1 - mulle_range_max] : NO
[1 - 2] contains [1 - mulle_range_max] : NO
[2 - 2] contains [1 - mulle_range_max] : NO
[0 - mulle_range_max] contains [1 - mulle_range_max] : NO
[1 - mulle_range_max] contains [1 - mulle_range_max] : YES
[0 - mulle_not_found_e] contains [1 - mulle_range_max] : YES






[0 - 0] contains [0 - mulle_not_found_e] : NO
[1 - 0] contains [0 - mulle_not_found_e] : NO
[2 - 0] contains [0 - mulle_not_found_e] : NO
[mulle_range_max - 0] contains [0 - mulle_not_found_e] : NO
[0 - 1] contains [0 - mulle_not_found_e] : NO
[1 - 1] contains [0 - mulle_not_found_e] : NO
[2 - 1] contains [0 - mulle_not_found_e] : NO
[mulle_range_max - 1] contains [0 - mulle_not_found_e] : NO
[0 - 2] contains [0 - mulle_not_found_e] : NO
[1 - 2] contains [0 - mulle_not_found_e] : NO
[2 - 2] contains [0 - mulle_not_found_e] : NO
[0 - mulle_range_max] contains [0 - mulle_not_found_e] : NO
[1 - mulle_range_max] contains [0 - mulle_not_found_e] : NO
[0 - mulle_not_found_e] contains [0 - mulle_not_found_e] : YES














