[0,0] intersect [0,0] = [0,0]
[0,0] intersect [1,0] = [0,0]
[0,0] intersect [2,0] = [0,0]
[0,0] intersect [0,..,0] = [0,0]
[0,0] intersect [1,..,1] = [0,0]
[0,0] intersect [2,..,2] = [0,0]
[0,0] intersect [0,..,1] = [0,0]
[0,0] intersect [1,..,2] = [0,0]
[0,0] intersect [2,..,3] = [0,0]
[1,0] intersect [0,0] = [0,0]
[1,0] intersect [1,0] = [1,0]
[1,0] intersect [2,0] = [0,0]
[1,0] intersect [0,..,0] = [1,0]
[1,0] intersect [1,..,1] = [1,0]
[1,0] intersect [2,..,2] = [0,0]
[1,0] intersect [0,..,1] = [1,0]
[1,0] intersect [1,..,2] = [1,0]
[1,0] intersect [2,..,3] = [0,0]
[2,0] intersect [0,0] = [0,0]
[2,0] intersect [1,0] = [0,0]
[2,0] intersect [2,0] = [2,0]
[2,0] intersect [0,..,0] = [0,0]
[2,0] intersect [1,..,1] = [2,0]
[2,0] intersect [2,..,2] = [2,0]
[2,0] intersect [0,..,1] = [2,0]
[2,0] intersect [1,..,2] = [2,0]
[2,0] intersect [2,..,3] = [2,0]
[0,..,0] intersect [0,0] = [0,0]
[0,..,0] intersect [1,0] = [1,0]
[0,..,0] intersect [2,0] = [0,0]
[0,..,0] intersect [0,..,0] = [0,..,0]
[0,..,0] intersect [1,..,1] = [1,0]
[0,..,0] intersect [2,..,2] = [0,0]
[0,..,0] intersect [0,..,1] = [0,..,0]
[0,..,0] intersect [1,..,2] = [1,0]
[0,..,0] intersect [2,..,3] = [0,0]
[1,..,1] intersect [0,0] = [0,0]
[1,..,1] intersect [1,0] = [1,0]
[1,..,1] intersect [2,0] = [2,0]
[1,..,1] intersect [0,..,0] = [1,0]
[1,..,1] intersect [1,..,1] = [1,..,1]
[1,..,1] intersect [2,..,2] = [2,0]
[1,..,1] intersect [0,..,1] = [1,..,1]
[1,..,1] intersect [1,..,2] = [1,..,1]
[1,..,1] intersect [2,..,3] = [2,0]
[2,..,2] intersect [0,0] = [0,0]
[2,..,2] intersect [1,0] = [0,0]
[2,..,2] intersect [2,0] = [2,0]
[2,..,2] intersect [0,..,0] = [0,0]
[2,..,2] intersect [1,..,1] = [2,0]
[2,..,2] intersect [2,..,2] = [2,..,2]
[2,..,2] intersect [0,..,1] = [2,0]
[2,..,2] intersect [1,..,2] = [2,..,2]
[2,..,2] intersect [2,..,3] = [2,..,2]
[0,..,1] intersect [0,0] = [0,0]
[0,..,1] intersect [1,0] = [1,0]
[0,..,1] intersect [2,0] = [2,0]
[0,..,1] intersect [0,..,0] = [0,..,0]
[0,..,1] intersect [1,..,1] = [1,..,1]
[0,..,1] intersect [2,..,2] = [2,0]
[0,..,1] intersect [0,..,1] = [0,..,1]
[0,..,1] intersect [1,..,2] = [1,..,1]
[0,..,1] intersect [2,..,3] = [2,0]
[1,..,2] intersect [0,0] = [0,0]
[1,..,2] intersect [1,0] = [1,0]
[1,..,2] intersect [2,0] = [2,0]
[1,..,2] intersect [0,..,0] = [1,0]
[1,..,2] intersect [1,..,1] = [1,..,1]
[1,..,2] intersect [2,..,2] = [2,..,2]
[1,..,2] intersect [0,..,1] = [1,..,1]
[1,..,2] intersect [1,..,2] = [1,..,2]
[1,..,2] intersect [2,..,3] = [2,..,2]
[2,..,3] intersect [0,0] = [0,0]
[2,..,3] intersect [1,0] = [0,0]
[2,..,3] intersect [2,0] = [2,0]
[2,..,3] intersect [0,..,0] = [0,0]
[2,..,3] intersect [1,..,1] = [2,0]
[2,..,3] intersect [2,..,2] = [2,..,2]
[2,..,3] intersect [0,..,1] = [2,0]
[2,..,3] intersect [1,..,2] = [2,..,2]
[2,..,3] intersect [2,..,3] = [2,..,3]
