[0,0] : YES
[1,0] : YES
[2,0] : YES
[mulle_range_max,0] : YES
[mulle_not_found_e,0] : NO
[-1,0] : NO
[0,1] : YES
[1,1] : YES
[2,1] : YES
[mulle_range_max,1] : YES
[mulle_not_found_e,1] : NO
[-1,1] : NO
[0,2] : YES
[1,2] : YES
[2,2] : YES
[mulle_range_max,2] : NO
[mulle_not_found_e,2] : NO
[-1,2] : NO
[0,mulle_range_max] : YES
[1,mulle_range_max] : YES
[2,mulle_range_max] : NO
[mulle_range_max,mulle_range_max] : NO
[mulle_not_found_e,mulle_range_max] : NO
[-1,mulle_range_max] : NO
[0,mulle_not_found_e] : YES
[1,mulle_not_found_e] : NO
[2,mulle_not_found_e] : NO
[mulle_range_max,mulle_not_found_e] : NO
[mulle_not_found_e,mulle_not_found_e] : NO
[-1,mulle_not_found_e] : NO
[0,-1] : NO
[1,-1] : YES
[2,-1] : YES
[mulle_range_max,-1] : YES
[mulle_not_found_e,-1] : NO
[-1,-1] : NO
