[1,-1] union [1,-1] = [1,-1]
[1,-1] union [2,-1] = [1,0]
[1,-1] union [0,0] = [1,-1]
[1,-1] union [1,0] = [1,-1]
[1,-1] union [2,0] = [1,-1]
[1,-1] union [0,..,0] = [0,..,0]
[1,-1] union [1,..,1] = [1,..,1]
[1,-1] union [2,..,2] = [1,..,2]
[1,-1] union [0,..,1] = [0,..,1]
[1,-1] union [1,..,2] = [1,..,2]
[1,-1] union [2,..,3] = [1,..,3]
[2,-1] union [1,-1] = [1,0]
[2,-1] union [2,-1] = [2,-1]
[2,-1] union [0,0] = [2,-1]
[2,-1] union [1,0] = [2,-1]
[2,-1] union [2,0] = [2,-1]
[2,-1] union [0,..,0] = [0,..,0]
[2,-1] union [1,..,1] = [1,..,1]
[2,-1] union [2,..,2] = [2,..,2]
[2,-1] union [0,..,1] = [0,..,1]
[2,-1] union [1,..,2] = [1,..,2]
[2,-1] union [2,..,3] = [2,..,3]
[0,0] union [1,-1] = [1,-1]
[0,0] union [2,-1] = [2,-1]
[0,0] union [0,0] = [0,0]
[0,0] union [1,0] = [0,0]
[0,0] union [2,0] = [0,0]
[0,0] union [0,..,0] = [0,..,0]
[0,0] union [1,..,1] = [1,..,1]
[0,0] union [2,..,2] = [2,..,2]
[0,0] union [0,..,1] = [0,..,1]
[0,0] union [1,..,2] = [1,..,2]
[0,0] union [2,..,3] = [2,..,3]
[1,0] union [1,-1] = [1,-1]
[1,0] union [2,-1] = [2,-1]
[1,0] union [0,0] = [1,0]
[1,0] union [1,0] = [1,0]
[1,0] union [2,0] = [1,0]
[1,0] union [0,..,0] = [0,..,0]
[1,0] union [1,..,1] = [1,..,1]
[1,0] union [2,..,2] = [2,..,2]
[1,0] union [0,..,1] = [0,..,1]
[1,0] union [1,..,2] = [1,..,2]
[1,0] union [2,..,3] = [2,..,3]
[2,0] union [1,-1] = [1,-1]
[2,0] union [2,-1] = [2,-1]
[2,0] union [0,0] = [2,0]
[2,0] union [1,0] = [2,0]
[2,0] union [2,0] = [2,0]
[2,0] union [0,..,0] = [0,..,0]
[2,0] union [1,..,1] = [1,..,1]
[2,0] union [2,..,2] = [2,..,2]
[2,0] union [0,..,1] = [0,..,1]
[2,0] union [1,..,2] = [1,..,2]
[2,0] union [2,..,3] = [2,..,3]
[0,..,0] union [1,-1] = [0,..,0]
[0,..,0] union [2,-1] = [0,..,0]
[0,..,0] union [0,0] = [0,..,0]
[0,..,0] union [1,0] = [0,..,0]
[0,..,0] union [2,0] = [0,..,0]
[0,..,0] union [0,..,0] = [0,..,0]
[0,..,0] union [1,..,1] = [0,..,1]
[0,..,0] union [2,..,2] = [0,..,2]
[0,..,0] union [0,..,1] = [0,..,1]
[0,..,0] union [1,..,2] = [0,..,2]
[0,..,0] union [2,..,3] = [0,..,3]
[1,..,1] union [1,-1] = [1,..,1]
[1,..,1] union [2,-1] = [1,..,1]
[1,..,1] union [0,0] = [1,..,1]
[1,..,1] union [1,0] = [1,..,1]
[1,..,1] union [2,0] = [1,..,1]
[1,..,1] union [0,..,0] = [0,..,1]
[1,..,1] union [1,..,1] = [1,..,1]
[1,..,1] union [2,..,2] = [1,..,2]
[1,..,1] union [0,..,1] = [0,..,1]
[1,..,1] union [1,..,2] = [1,..,2]
[1,..,1] union [2,..,3] = [1,..,3]
[2,..,2] union [1,-1] = [1,..,2]
[2,..,2] union [2,-1] = [2,..,2]
[2,..,2] union [0,0] = [2,..,2]
[2,..,2] union [1,0] = [2,..,2]
[2,..,2] union [2,0] = [2,..,2]
[2,..,2] union [0,..,0] = [0,..,2]
[2,..,2] union [1,..,1] = [1,..,2]
[2,..,2] union [2,..,2] = [2,..,2]
[2,..,2] union [0,..,1] = [0,..,2]
[2,..,2] union [1,..,2] = [1,..,2]
[2,..,2] union [2,..,3] = [2,..,3]
[0,..,1] union [1,-1] = [0,..,1]
[0,..,1] union [2,-1] = [0,..,1]
[0,..,1] union [0,0] = [0,..,1]
[0,..,1] union [1,0] = [0,..,1]
[0,..,1] union [2,0] = [0,..,1]
[0,..,1] union [0,..,0] = [0,..,1]
[0,..,1] union [1,..,1] = [0,..,1]
[0,..,1] union [2,..,2] = [0,..,2]
[0,..,1] union [0,..,1] = [0,..,1]
[0,..,1] union [1,..,2] = [0,..,2]
[0,..,1] union [2,..,3] = [0,..,3]
[1,..,2] union [1,-1] = [1,..,2]
[1,..,2] union [2,-1] = [1,..,2]
[1,..,2] union [0,0] = [1,..,2]
[1,..,2] union [1,0] = [1,..,2]
[1,..,2] union [2,0] = [1,..,2]
[1,..,2] union [0,..,0] = [0,..,2]
[1,..,2] union [1,..,1] = [1,..,2]
[1,..,2] union [2,..,2] = [1,..,2]
[1,..,2] union [0,..,1] = [0,..,2]
[1,..,2] union [1,..,2] = [1,..,2]
[1,..,2] union [2,..,3] = [1,..,3]
[2,..,3] union [1,-1] = [1,..,3]
[2,..,3] union [2,-1] = [2,..,3]
[2,..,3] union [0,0] = [2,..,3]
[2,..,3] union [1,0] = [2,..,3]
[2,..,3] union [2,0] = [2,..,3]
[2,..,3] union [0,..,0] = [0,..,3]
[2,..,3] union [1,..,1] = [1,..,3]
[2,..,3] union [2,..,2] = [2,..,3]
[2,..,3] union [0,..,1] = [0,..,3]
[2,..,3] union [1,..,2] = [1,..,3]
[2,..,3] union [2,..,3] = [2,..,3]
