Set1 count: 3
Set2 count: 3
Intersection count: 2
Contains VfL: 1
Contains Bochum: 1
Contains 1848: 0
Contains Football: 0
NULL handling completed
