Contains in NULL set: 0
Contains missing value: 0
Contains existing value: 1
Contains other missing value: 0
