Set1 count: 3
Set2 count: 3
Union count: 4
Contains VfL: 1
Contains Bochum: 1
Contains 1848: 1
Contains Football: 1
NULL handling completed
