#0: 2,2
#1: 6,2
   0 = 2-2
   1 = 2-2
   2 = 2-2
   3 = 2-2
   4 = 2-2
   5 = 6-2
   6 = 6-2
   7 = 6-2
   8 = 6-2
   9 = 6-2
