#0: 2,2
#1: 6,2
   0 = not found
   1 = not found
   2 = 2-2
   3 = 2-2
   4 = not found
   5 = not found
   6 = 6-2
   7 = 6-2
   8 = not found
   9 = not found
