#0: 2,2
#1: 6,2
| # | == | < | <= | > | >= |
|---|----|---|----|---|----|
| 0 |  - | - |  - | 2 |  2 |
| 1 |  - | - |  - | 2 |  2 |
| 2 |  2 | - |  2 | 3 |  2 |
| 3 |  3 | 2 |  3 | 6 |  3 |
| 4 |  - | 3 |  3 | 6 |  6 |
| 5 |  - | 3 |  3 | 6 |  6 |
| 6 |  6 | 3 |  6 | 7 |  6 |
| 7 |  7 | 6 |  7 | - |  7 |
| 8 |  - | 7 |  7 | - |  - |
| 9 |  - | 7 |  7 | - |  - |
