1
1
2
1
2
3
1
2
3
4
1
2
3
4
5
2
3
4
5
3
4
5
4
5
5
