Initial:
	0: 1848=A
	1: 1849=B
	2: 1850=C
	3: 1851=D
	4: 1852=E
	5: 1853=F
	6: 1854=G
	7: 1855=H
	8: 1856=I
	9: 1857=J
	10: 1858=K
	11: 1859=L
	12: 1860=M
	13: 1861=N
	14: 1862=O
	15: 1863=P

Reversed:
	0: 1863=P
	1: 1862=O
	2: 1861=N
	3: 1860=M
	4: 1859=L
	5: 1858=K
	6: 1857=J
	7: 1856=I
	8: 1855=H
	9: 1854=G
	10: 1853=F
	11: 1852=E
	12: 1851=D
	13: 1850=C
	14: 1849=B
	15: 1848=A
