Before:
#0: 0,5
#1: 20,10

Shift one up
#0: 1,5
#1: 21,10

Shift three down
#0: 0,3
#1: 18,10
