Before:
#0: 0,9
#1: 10,9
#2: 20,9
#3: 30,9
#4: 40,9
After:
#0: 0,9
#1: 10,5
#2: 35,4
#3: 40,9
