Contains in NULL map: 0
Contains missing key: 0
Contains existing key: 1
Contains other missing key: 0
