<10-1> -> 10 : { 10, 11, 12, 13, 14 }
<10-1> -> 11 : { 11, 10, 12, 13, 14 }
<10-1> -> 12 : { 11, 12, 10, 14, 13 }
<10-1> -> 13 : { 11, 12, 13, 10, 14 }
<10-1> -> 14 : { 11, 12, 13, 14, 10 }
<10-1> -> 15 : { 11, 12, 13, 14, 10 }
<10-2> -> 10 : { 10, 11, 12, 13, 14 }
<10-2> -> 11 : { 10, 11, 12, 13, 14 }
<10-2> -> 12 : { 12, 10, 11, 14, 13 }
<10-2> -> 13 : { 12, 13, 10, 11, 14 }
<10-2> -> 14 : { 12, 13, 14, 10, 11 }
<10-2> -> 15 : { 12, 13, 14, 10, 11 }
<10-3> -> 10 : { 10, 11, 12, 13, 14 }
<10-3> -> 11 : { 10, 11, 12, 13, 14 }
<10-3> -> 12 : { 10, 11, 12, 13, 14 }
<10-3> -> 13 : { 13, 10, 11, 12, 14 }
<10-3> -> 14 : { 13, 14, 10, 11, 12 }
<10-3> -> 15 : { 13, 14, 10, 11, 12 }
<10-4> -> 10 : { 10, 11, 12, 13, 14 }
<10-4> -> 11 : { 10, 11, 12, 13, 14 }
<10-4> -> 12 : { 10, 11, 12, 13, 14 }
<10-4> -> 13 : { 10, 11, 12, 13, 14 }
<10-4> -> 14 : { 14, 10, 11, 12, 13 }
<10-4> -> 15 : { 14, 10, 11, 12, 13 }
<10-5> -> 10 : { 10, 11, 12, 13, 14 }
<10-5> -> 11 : { 10, 11, 12, 13, 14 }
<10-5> -> 12 : { 10, 11, 12, 13, 14 }
<10-5> -> 13 : { 10, 11, 12, 13, 14 }
<10-5> -> 14 : { 10, 11, 12, 13, 14 }
<10-5> -> 15 : { 10, 11, 12, 13, 14 }
<11-1> -> 10 : { 11, 10, 12, 13, 14 }
<11-1> -> 11 : { 10, 11, 12, 13, 14 }
<11-1> -> 12 : { 10, 12, 11, 13, 14 }
<11-1> -> 13 : { 10, 12, 13, 11, 14 }
<11-1> -> 14 : { 10, 12, 13, 14, 11 }
<11-1> -> 15 : { 10, 12, 13, 14, 11 }
<11-2> -> 10 : { 11, 12, 10, 13, 14 }
<11-2> -> 11 : { 10, 11, 12, 13, 14 }
<11-2> -> 12 : { 10, 11, 12, 13, 14 }
<11-2> -> 13 : { 10, 13, 11, 12, 14 }
<11-2> -> 14 : { 10, 13, 14, 11, 12 }
<11-2> -> 15 : { 10, 13, 14, 11, 12 }
<11-3> -> 10 : { 11, 12, 13, 10, 14 }
<11-3> -> 11 : { 10, 11, 12, 13, 14 }
<11-3> -> 12 : { 10, 11, 12, 13, 14 }
<11-3> -> 13 : { 10, 11, 12, 13, 14 }
<11-3> -> 14 : { 10, 14, 11, 12, 13 }
<11-3> -> 15 : { 10, 14, 11, 12, 13 }
<11-4> -> 10 : { 11, 12, 13, 14, 10 }
<11-4> -> 11 : { 10, 11, 12, 13, 14 }
<11-4> -> 12 : { 10, 11, 12, 13, 14 }
<11-4> -> 13 : { 10, 11, 12, 13, 14 }
<11-4> -> 14 : { 10, 11, 12, 13, 14 }
<11-4> -> 15 : { 10, 11, 12, 13, 14 }
<12-1> -> 10 : { 12, 10, 11, 13, 14 }
<12-1> -> 11 : { 10, 12, 11, 13, 14 }
<12-1> -> 12 : { 10, 11, 12, 13, 14 }
<12-1> -> 13 : { 10, 11, 13, 12, 14 }
<12-1> -> 14 : { 10, 11, 13, 14, 12 }
<12-1> -> 15 : { 10, 11, 13, 14, 12 }
<12-2> -> 10 : { 12, 13, 10, 11, 14 }
<12-2> -> 11 : { 10, 12, 13, 11, 14 }
<12-2> -> 12 : { 10, 11, 12, 13, 14 }
<12-2> -> 13 : { 10, 11, 12, 13, 14 }
<12-2> -> 14 : { 10, 11, 14, 12, 13 }
<12-2> -> 15 : { 10, 11, 14, 12, 13 }
<12-3> -> 10 : { 12, 13, 14, 10, 11 }
<12-3> -> 11 : { 10, 12, 13, 14, 11 }
<12-3> -> 12 : { 10, 11, 12, 13, 14 }
<12-3> -> 13 : { 10, 11, 12, 13, 14 }
<12-3> -> 14 : { 10, 11, 12, 13, 14 }
<12-3> -> 15 : { 10, 11, 12, 13, 14 }
<13-1> -> 10 : { 13, 10, 11, 12, 14 }
<13-1> -> 11 : { 10, 13, 11, 12, 14 }
<13-1> -> 12 : { 10, 11, 13, 12, 14 }
<13-1> -> 13 : { 10, 11, 12, 13, 14 }
<13-1> -> 14 : { 10, 11, 12, 14, 13 }
<13-1> -> 15 : { 10, 11, 12, 14, 13 }
<13-2> -> 10 : { 13, 14, 10, 11, 12 }
<13-2> -> 11 : { 10, 13, 14, 11, 12 }
<13-2> -> 12 : { 10, 11, 13, 14, 12 }
<13-2> -> 13 : { 10, 11, 12, 13, 14 }
<13-2> -> 14 : { 10, 11, 12, 13, 14 }
<13-2> -> 15 : { 10, 11, 12, 13, 14 }
<14-1> -> 10 : { 14, 10, 11, 12, 13 }
<14-1> -> 11 : { 10, 14, 11, 12, 13 }
<14-1> -> 12 : { 10, 11, 14, 12, 13 }
<14-1> -> 13 : { 10, 11, 12, 14, 13 }
<14-1> -> 14 : { 10, 11, 12, 13, 14 }
<14-1> -> 15 : { 10, 11, 12, 13, 14 }
