Get (should be already sorted):
	Den Becher der Fröhlichkeit weihn.=Es haben viel fröhliche Menschen
	Den Ruhenden unter dem Rasen=Es werden viel fröhliche Menschen
	Es haben viel fröhliche Menschen=Den Becher der Fröhlichkeit weihn.
	Es werden viel fröhliche Menschen=Den Ruhenden unter dem Rasen
	Lang nach uns des Lebens sich freun=und gelacht
	Lang vor uns gelebt=Uns Ruhenden unter dem Rasen
	Sei fröhlich=der Becher gebracht.
	Uns Ruhenden unter dem Rasen=Lang vor uns gelebt
	der Becher gebracht.=Sei fröhlich
	und gelacht=Lang nach uns des Lebens sich freun

Enumeration:
	Den Becher der Fröhlichkeit weihn.=Es haben viel fröhliche Menschen
	Den Ruhenden unter dem Rasen=Es werden viel fröhliche Menschen
	Es haben viel fröhliche Menschen=Den Becher der Fröhlichkeit weihn.
	Es werden viel fröhliche Menschen=Den Ruhenden unter dem Rasen
	Lang nach uns des Lebens sich freun=und gelacht
	Lang vor uns gelebt=Uns Ruhenden unter dem Rasen
	Sei fröhlich=der Becher gebracht.
	Uns Ruhenden unter dem Rasen=Lang vor uns gelebt
	der Becher gebracht.=Sei fröhlich
	und gelacht=Lang nach uns des Lebens sich freun

