*empty*
{ Car, VW Beetle }, { Club, VfL Bochum 1848 }
{ 100, 1000 }, { 101, 999 }, { 102, 998 }
